// Jest Snapshot v1, https://goo.gl/fbAQLP

exports[`simple markdown 1`] = `
"import React from \\"react\\";
import { Timeline } from \\"@arco-design/web-react\\";
const TimelineItem = Timeline.Item;
export default function () {
  return (
    <>
      <Timeline className=\\"page-changelog\\">
        <TimelineItem>
          <div>
            <h2 id=\\"2120\\">2.12.0</h2>
            <p>2021-03-19</p>
          </div>
          <div>
            <h3 id=\\"🆕-upgrade\\">🆕 Upgrade</h3>
            <ul>
              <li>
                <code>Button</code> add prop <code>status</code>.
              </li>
            </ul>
            <h3 id=\\"🐛-bugfix\\">🐛 Bugfix</h3>
            <ul>
              <li>
                Fix bug that <code>Dropdown</code> is directly nested in{\\" \\"}
                <code>Tooltip</code> and <code>Tooltip</code> is not displayed.
              </li>
              <li>Fix other bugs.</li>
            </ul>
            <h3 id=\\"💅-style\\">💅 Style</h3>
            <ul>
              <li>Button add boarder.</li>
              <li>Input add focus style.</li>
            </ul>
          </div>
        </TimelineItem>
        <TimelineItem>
          <div>
            <h2 id=\\"2110\\">2.11.0</h2>
            <p>2021-03-11</p>
          </div>
          <div>
            <h3 id=\\"🆕-upgrade\\">🆕 Upgrade</h3>
            <ul>
              <li>
                <code>Dropdown</code> add prop <code>droplist</code>.
              </li>
            </ul>
            <h3 id=\\"🐛-bugfix\\">🐛 Bugfix</h3>
            <ul>
              <li>Fix bug xxx.</li>
              <li>Fix other bugs.</li>
            </ul>
            <h3 id=\\"💅-style\\">💅 Style</h3>
            <ul>
              <li>Card add boarder.</li>
              <li>InputNumber add focus style.</li>
            </ul>
          </div>
        </TimelineItem>
      </Timeline>
    </>
  );
}
"
`;
