// Jest Snapshot v1, https://goo.gl/fbAQLP

exports[`renders correctly 1`] = `
<button
  className="zzf-btn zzf-btn"
>
  Facebook
</button>
`;

exports[`renders correctly 2`] = `
<button
  className="zzf-btn zzf-btn"
>
  Facebook
</button>
`;
