// Jest Snapshot v1, https://goo.gl/fbAQLP

exports[`renders correctly 1`] = `
<div
  className="zzf-alert zzf-alert-info"
>
  Facebook
</div>
`;

exports[`renders correctly 2`] = `
<div
  className="zzf-alert zzf-alert-info"
>
  Facebook
</div>
`;
